#-----------------------------------------------------------
# Vivado v2019.2 (64-bit)
# SW Build 2708876 on Wed Nov  6 21:40:23 MST 2019
# IP Build 2700528 on Thu Nov  7 00:09:20 MST 2019
# Start of session at: Tue Dec 20 21:02:40 2022
# Process ID: 18484
# Current directory: C:/Users/86157/Desktop/Study/digital logic/shiyan6/keyboard
# Command line: vivado.exe -gui_launcher_event rodinguilauncherevent8076 C:\Users\86157\Desktop\Study\digital logic\shiyan6\keyboard\keyboard.xpr
# Log file: C:/Users/86157/Desktop/Study/digital logic/shiyan6/keyboard/vivado.log
# Journal file: C:/Users/86157/Desktop/Study/digital logic/shiyan6/keyboard\vivado.jou
#-----------------------------------------------------------
start_gui
open_project {C:/Users/86157/Desktop/Study/digital logic/shiyan6/keyboard/keyboard.xpr}
update_compile_order -fileset sources_1
launch_simulation
source keyboard_sim.tcl
run 1000 ns
run 1000 ns
run 1000 ns
run 1000 ns
run 1000 ns
current_wave_config {Untitled 1}
add_wave {{/keyboard_sim/u_test_counter/cnt}} 
relaunch_sim
close_sim
