#-----------------------------------------------------------
# Webtalk v2019.2 (64-bit)
# SW Build 2708876 on Wed Nov  6 21:40:23 MST 2019
# IP Build 2700528 on Thu Nov  7 00:09:20 MST 2019
# Start of session at: Mon Nov 28 15:32:30 2022
# Process ID: 23460
# Current directory: C:/Users/86157/Desktop/Study/digital logic/shiyan5/sequence_detection/sequence_detection.sim/sim_1/behav/xsim
# Command line: wbtcv.exe -mode batch -source C:/Users/86157/Desktop/Study/digital logic/shiyan5/sequence_detection/sequence_detection.sim/sim_1/behav/xsim/xsim.dir/led_display_ctrl_sim_behav/webtalk/xsim_webtalk.tcl -notrace
# Log file: C:/Users/86157/Desktop/Study/digital logic/shiyan5/sequence_detection/sequence_detection.sim/sim_1/behav/xsim/webtalk.log
# Journal file: C:/Users/86157/Desktop/Study/digital logic/shiyan5/sequence_detection/sequence_detection.sim/sim_1/behav/xsim\webtalk.jou
#-----------------------------------------------------------
source C:/Users/86157/Desktop/Study/digital -notrace
